Archive member included to satisfy reference by file (symbol)

/home/cahyo/.local/xPacks/@xpack-dev-tools/riscv-none-elf-gcc/14.2.0-3.1/.content/bin/../lib/gcc/riscv-none-elf/14.2.0/../../../../riscv-none-elf/lib/rv32i/ilp32/libc.a(libc_a-errno.o)
                              syscalls.o (__errno)
/home/cahyo/.local/xPacks/@xpack-dev-tools/riscv-none-elf-gcc/14.2.0-3.1/.content/bin/../lib/gcc/riscv-none-elf/14.2.0/../../../../riscv-none-elf/lib/rv32i/ilp32/libc.a(libc_a-init.o)
                              boot.o (__libc_init_array)
/home/cahyo/.local/xPacks/@xpack-dev-tools/riscv-none-elf-gcc/14.2.0-3.1/.content/bin/../lib/gcc/riscv-none-elf/14.2.0/../../../../riscv-none-elf/lib/rv32i/ilp32/libc.a(libc_a-impure.o)
                              /home/cahyo/.local/xPacks/@xpack-dev-tools/riscv-none-elf-gcc/14.2.0-3.1/.content/bin/../lib/gcc/riscv-none-elf/14.2.0/../../../../riscv-none-elf/lib/rv32i/ilp32/libc.a(libc_a-errno.o) (_impure_ptr)
/home/cahyo/.local/xPacks/@xpack-dev-tools/riscv-none-elf-gcc/14.2.0-3.1/.content/bin/../lib/gcc/riscv-none-elf/14.2.0/../../../../riscv-none-elf/lib/rv32i/ilp32/libc.a(libc_a-findfp.o)
                              /home/cahyo/.local/xPacks/@xpack-dev-tools/riscv-none-elf-gcc/14.2.0-3.1/.content/bin/../lib/gcc/riscv-none-elf/14.2.0/../../../../riscv-none-elf/lib/rv32i/ilp32/libc.a(libc_a-impure.o) (__sf)
/home/cahyo/.local/xPacks/@xpack-dev-tools/riscv-none-elf-gcc/14.2.0-3.1/.content/bin/../lib/gcc/riscv-none-elf/14.2.0/../../../../riscv-none-elf/lib/rv32i/ilp32/libc.a(libc_a-fwalk.o)
                              /home/cahyo/.local/xPacks/@xpack-dev-tools/riscv-none-elf-gcc/14.2.0-3.1/.content/bin/../lib/gcc/riscv-none-elf/14.2.0/../../../../riscv-none-elf/lib/rv32i/ilp32/libc.a(libc_a-findfp.o) (_fwalk_sglue)
/home/cahyo/.local/xPacks/@xpack-dev-tools/riscv-none-elf-gcc/14.2.0-3.1/.content/bin/../lib/gcc/riscv-none-elf/14.2.0/../../../../riscv-none-elf/lib/rv32i/ilp32/libc.a(libc_a-stdio.o)
                              /home/cahyo/.local/xPacks/@xpack-dev-tools/riscv-none-elf-gcc/14.2.0-3.1/.content/bin/../lib/gcc/riscv-none-elf/14.2.0/../../../../riscv-none-elf/lib/rv32i/ilp32/libc.a(libc_a-findfp.o) (__sread)
/home/cahyo/.local/xPacks/@xpack-dev-tools/riscv-none-elf-gcc/14.2.0-3.1/.content/bin/../lib/gcc/riscv-none-elf/14.2.0/../../../../riscv-none-elf/lib/rv32i/ilp32/libc.a(libc_a-closer.o)
                              /home/cahyo/.local/xPacks/@xpack-dev-tools/riscv-none-elf-gcc/14.2.0-3.1/.content/bin/../lib/gcc/riscv-none-elf/14.2.0/../../../../riscv-none-elf/lib/rv32i/ilp32/libc.a(libc_a-stdio.o) (_close_r)
/home/cahyo/.local/xPacks/@xpack-dev-tools/riscv-none-elf-gcc/14.2.0-3.1/.content/bin/../lib/gcc/riscv-none-elf/14.2.0/../../../../riscv-none-elf/lib/rv32i/ilp32/libc.a(libc_a-reent.o)
                              /home/cahyo/.local/xPacks/@xpack-dev-tools/riscv-none-elf-gcc/14.2.0-3.1/.content/bin/../lib/gcc/riscv-none-elf/14.2.0/../../../../riscv-none-elf/lib/rv32i/ilp32/libc.a(libc_a-closer.o) (errno)
/home/cahyo/.local/xPacks/@xpack-dev-tools/riscv-none-elf-gcc/14.2.0-3.1/.content/bin/../lib/gcc/riscv-none-elf/14.2.0/../../../../riscv-none-elf/lib/rv32i/ilp32/libc.a(libc_a-lseekr.o)
                              /home/cahyo/.local/xPacks/@xpack-dev-tools/riscv-none-elf-gcc/14.2.0-3.1/.content/bin/../lib/gcc/riscv-none-elf/14.2.0/../../../../riscv-none-elf/lib/rv32i/ilp32/libc.a(libc_a-stdio.o) (_lseek_r)
/home/cahyo/.local/xPacks/@xpack-dev-tools/riscv-none-elf-gcc/14.2.0-3.1/.content/bin/../lib/gcc/riscv-none-elf/14.2.0/../../../../riscv-none-elf/lib/rv32i/ilp32/libc.a(libc_a-readr.o)
                              /home/cahyo/.local/xPacks/@xpack-dev-tools/riscv-none-elf-gcc/14.2.0-3.1/.content/bin/../lib/gcc/riscv-none-elf/14.2.0/../../../../riscv-none-elf/lib/rv32i/ilp32/libc.a(libc_a-stdio.o) (_read_r)
/home/cahyo/.local/xPacks/@xpack-dev-tools/riscv-none-elf-gcc/14.2.0-3.1/.content/bin/../lib/gcc/riscv-none-elf/14.2.0/../../../../riscv-none-elf/lib/rv32i/ilp32/libc.a(libc_a-writer.o)
                              /home/cahyo/.local/xPacks/@xpack-dev-tools/riscv-none-elf-gcc/14.2.0-3.1/.content/bin/../lib/gcc/riscv-none-elf/14.2.0/../../../../riscv-none-elf/lib/rv32i/ilp32/libc.a(libc_a-stdio.o) (_write_r)
/home/cahyo/.local/xPacks/@xpack-dev-tools/riscv-none-elf-gcc/14.2.0-3.1/.content/bin/../lib/gcc/riscv-none-elf/14.2.0/../../../../riscv-none-elf/lib/rv32i/ilp32/libc.a(libc_a-lock.o)
                              /home/cahyo/.local/xPacks/@xpack-dev-tools/riscv-none-elf-gcc/14.2.0-3.1/.content/bin/../lib/gcc/riscv-none-elf/14.2.0/../../../../riscv-none-elf/lib/rv32i/ilp32/libc.a(libc_a-findfp.o) (__retarget_lock_init_recursive)
/home/cahyo/.local/xPacks/@xpack-dev-tools/riscv-none-elf-gcc/14.2.0-3.1/.content/bin/../lib/gcc/riscv-none-elf/14.2.0/../../../../riscv-none-elf/lib/rv32i/ilp32/libc.a(libc_a-memset.o)
                              /home/cahyo/.local/xPacks/@xpack-dev-tools/riscv-none-elf-gcc/14.2.0-3.1/.content/bin/../lib/gcc/riscv-none-elf/14.2.0/../../../../riscv-none-elf/lib/rv32i/ilp32/libc.a(libc_a-findfp.o) (memset)
/home/cahyo/.local/xPacks/@xpack-dev-tools/riscv-none-elf-gcc/14.2.0-3.1/.content/bin/../lib/gcc/riscv-none-elf/14.2.0/../../../../riscv-none-elf/lib/rv32i/ilp32/libc.a(libc_a-freer.o)
                              /home/cahyo/.local/xPacks/@xpack-dev-tools/riscv-none-elf-gcc/14.2.0-3.1/.content/bin/../lib/gcc/riscv-none-elf/14.2.0/../../../../riscv-none-elf/lib/rv32i/ilp32/libc.a(libc_a-reent.o) (_free_r)
/home/cahyo/.local/xPacks/@xpack-dev-tools/riscv-none-elf-gcc/14.2.0-3.1/.content/bin/../lib/gcc/riscv-none-elf/14.2.0/../../../../riscv-none-elf/lib/rv32i/ilp32/libc.a(libc_a-mallocr.o)
                              /home/cahyo/.local/xPacks/@xpack-dev-tools/riscv-none-elf-gcc/14.2.0-3.1/.content/bin/../lib/gcc/riscv-none-elf/14.2.0/../../../../riscv-none-elf/lib/rv32i/ilp32/libc.a(libc_a-findfp.o) (_malloc_r)
/home/cahyo/.local/xPacks/@xpack-dev-tools/riscv-none-elf-gcc/14.2.0-3.1/.content/bin/../lib/gcc/riscv-none-elf/14.2.0/../../../../riscv-none-elf/lib/rv32i/ilp32/libc.a(libc_a-mlock.o)
                              /home/cahyo/.local/xPacks/@xpack-dev-tools/riscv-none-elf-gcc/14.2.0-3.1/.content/bin/../lib/gcc/riscv-none-elf/14.2.0/../../../../riscv-none-elf/lib/rv32i/ilp32/libc.a(libc_a-freer.o) (__malloc_lock)
/home/cahyo/.local/xPacks/@xpack-dev-tools/riscv-none-elf-gcc/14.2.0-3.1/.content/bin/../lib/gcc/riscv-none-elf/14.2.0/../../../../riscv-none-elf/lib/rv32i/ilp32/libc.a(libc_a-fclose.o)
                              /home/cahyo/.local/xPacks/@xpack-dev-tools/riscv-none-elf-gcc/14.2.0-3.1/.content/bin/../lib/gcc/riscv-none-elf/14.2.0/../../../../riscv-none-elf/lib/rv32i/ilp32/libc.a(libc_a-findfp.o) (_fclose_r)
/home/cahyo/.local/xPacks/@xpack-dev-tools/riscv-none-elf-gcc/14.2.0-3.1/.content/bin/../lib/gcc/riscv-none-elf/14.2.0/../../../../riscv-none-elf/lib/rv32i/ilp32/libc.a(libc_a-fflush.o)
                              /home/cahyo/.local/xPacks/@xpack-dev-tools/riscv-none-elf-gcc/14.2.0-3.1/.content/bin/../lib/gcc/riscv-none-elf/14.2.0/../../../../riscv-none-elf/lib/rv32i/ilp32/libc.a(libc_a-fclose.o) (__sflush_r)
/home/cahyo/.local/xPacks/@xpack-dev-tools/riscv-none-elf-gcc/14.2.0-3.1/.content/bin/../lib/gcc/riscv-none-elf/14.2.0/../../../../riscv-none-elf/lib/rv32i/ilp32/libc.a(libc_a-sbrkr.o)
                              /home/cahyo/.local/xPacks/@xpack-dev-tools/riscv-none-elf-gcc/14.2.0-3.1/.content/bin/../lib/gcc/riscv-none-elf/14.2.0/../../../../riscv-none-elf/lib/rv32i/ilp32/libc.a(libc_a-freer.o) (_sbrk_r)

There are no discarded input sections

Memory Configuration

Name             Origin             Length             Attributes
ROM              0x00000000         0x01000000         xrw
RAM              0x10000000         0x00004000         xrw
*default*        0x00000000         0xffffffff

Linker script and memory map


.text           0x00000000     0x2580
 *(.init)
 .init          0x00000000       0x90 boot.o
                0x00000000                start
 *(.fini)
 *(.text)
 .text          0x00000090        0x0 boot.o
 .text          0x00000090       0xa0 ram_init.o
                0x00000090                ram_init
 .text          0x00000130      0x4c8 syscalls.o
                0x00000130                __io_putchar
                0x0000016c                initialise_monitor_handles
                0x00000190                _getpid
                0x000001b8                _kill
                0x000001f8                _exit
                0x00000220                _read
                0x00000254                _write
                0x000002c0                _close
                0x000002ec                _fstat
                0x00000328                _isatty
                0x00000354                _lseek
                0x00000388                _open
                0x000003d0                _wait
                0x0000040c                _unlink
                0x00000448                _times
                0x00000474                _stat
                0x000004b0                _link
                0x000004f0                _fork
                0x00000528                _execve
                0x0000056c                _sbrk
 .text          0x000005f8      0x170 main.o
                0x000005f8                print_char
                0x0000064c                print_length
                0x000006a8                print_string
                0x000006f8                main
 .text          0x00000768        0x0 /home/cahyo/.local/xPacks/@xpack-dev-tools/riscv-none-elf-gcc/14.2.0-3.1/.content/bin/../lib/gcc/riscv-none-elf/14.2.0/../../../../riscv-none-elf/lib/rv32i/ilp32/libc.a(libc_a-errno.o)
 .text          0x00000768        0x0 /home/cahyo/.local/xPacks/@xpack-dev-tools/riscv-none-elf-gcc/14.2.0-3.1/.content/bin/../lib/gcc/riscv-none-elf/14.2.0/../../../../riscv-none-elf/lib/rv32i/ilp32/libc.a(libc_a-init.o)
 .text          0x00000768        0x0 /home/cahyo/.local/xPacks/@xpack-dev-tools/riscv-none-elf-gcc/14.2.0-3.1/.content/bin/../lib/gcc/riscv-none-elf/14.2.0/../../../../riscv-none-elf/lib/rv32i/ilp32/libc.a(libc_a-impure.o)
 .text          0x00000768        0x0 /home/cahyo/.local/xPacks/@xpack-dev-tools/riscv-none-elf-gcc/14.2.0-3.1/.content/bin/../lib/gcc/riscv-none-elf/14.2.0/../../../../riscv-none-elf/lib/rv32i/ilp32/libc.a(libc_a-findfp.o)
 .text          0x00000768        0x0 /home/cahyo/.local/xPacks/@xpack-dev-tools/riscv-none-elf-gcc/14.2.0-3.1/.content/bin/../lib/gcc/riscv-none-elf/14.2.0/../../../../riscv-none-elf/lib/rv32i/ilp32/libc.a(libc_a-fwalk.o)
 .text          0x00000768        0x0 /home/cahyo/.local/xPacks/@xpack-dev-tools/riscv-none-elf-gcc/14.2.0-3.1/.content/bin/../lib/gcc/riscv-none-elf/14.2.0/../../../../riscv-none-elf/lib/rv32i/ilp32/libc.a(libc_a-stdio.o)
 .text          0x00000768        0x0 /home/cahyo/.local/xPacks/@xpack-dev-tools/riscv-none-elf-gcc/14.2.0-3.1/.content/bin/../lib/gcc/riscv-none-elf/14.2.0/../../../../riscv-none-elf/lib/rv32i/ilp32/libc.a(libc_a-closer.o)
 .text          0x00000768        0x0 /home/cahyo/.local/xPacks/@xpack-dev-tools/riscv-none-elf-gcc/14.2.0-3.1/.content/bin/../lib/gcc/riscv-none-elf/14.2.0/../../../../riscv-none-elf/lib/rv32i/ilp32/libc.a(libc_a-reent.o)
 .text          0x00000768        0x0 /home/cahyo/.local/xPacks/@xpack-dev-tools/riscv-none-elf-gcc/14.2.0-3.1/.content/bin/../lib/gcc/riscv-none-elf/14.2.0/../../../../riscv-none-elf/lib/rv32i/ilp32/libc.a(libc_a-lseekr.o)
 .text          0x00000768        0x0 /home/cahyo/.local/xPacks/@xpack-dev-tools/riscv-none-elf-gcc/14.2.0-3.1/.content/bin/../lib/gcc/riscv-none-elf/14.2.0/../../../../riscv-none-elf/lib/rv32i/ilp32/libc.a(libc_a-readr.o)
 .text          0x00000768        0x0 /home/cahyo/.local/xPacks/@xpack-dev-tools/riscv-none-elf-gcc/14.2.0-3.1/.content/bin/../lib/gcc/riscv-none-elf/14.2.0/../../../../riscv-none-elf/lib/rv32i/ilp32/libc.a(libc_a-writer.o)
 .text          0x00000768        0x0 /home/cahyo/.local/xPacks/@xpack-dev-tools/riscv-none-elf-gcc/14.2.0-3.1/.content/bin/../lib/gcc/riscv-none-elf/14.2.0/../../../../riscv-none-elf/lib/rv32i/ilp32/libc.a(libc_a-lock.o)
 .text          0x00000768       0xdc /home/cahyo/.local/xPacks/@xpack-dev-tools/riscv-none-elf-gcc/14.2.0-3.1/.content/bin/../lib/gcc/riscv-none-elf/14.2.0/../../../../riscv-none-elf/lib/rv32i/ilp32/libc.a(libc_a-memset.o)
                0x00000768                memset
 .text          0x00000844        0x0 /home/cahyo/.local/xPacks/@xpack-dev-tools/riscv-none-elf-gcc/14.2.0-3.1/.content/bin/../lib/gcc/riscv-none-elf/14.2.0/../../../../riscv-none-elf/lib/rv32i/ilp32/libc.a(libc_a-freer.o)
 .text          0x00000844        0x0 /home/cahyo/.local/xPacks/@xpack-dev-tools/riscv-none-elf-gcc/14.2.0-3.1/.content/bin/../lib/gcc/riscv-none-elf/14.2.0/../../../../riscv-none-elf/lib/rv32i/ilp32/libc.a(libc_a-mallocr.o)
 .text          0x00000844        0x0 /home/cahyo/.local/xPacks/@xpack-dev-tools/riscv-none-elf-gcc/14.2.0-3.1/.content/bin/../lib/gcc/riscv-none-elf/14.2.0/../../../../riscv-none-elf/lib/rv32i/ilp32/libc.a(libc_a-mlock.o)
 .text          0x00000844        0x0 /home/cahyo/.local/xPacks/@xpack-dev-tools/riscv-none-elf-gcc/14.2.0-3.1/.content/bin/../lib/gcc/riscv-none-elf/14.2.0/../../../../riscv-none-elf/lib/rv32i/ilp32/libc.a(libc_a-fclose.o)
 .text          0x00000844        0x0 /home/cahyo/.local/xPacks/@xpack-dev-tools/riscv-none-elf-gcc/14.2.0-3.1/.content/bin/../lib/gcc/riscv-none-elf/14.2.0/../../../../riscv-none-elf/lib/rv32i/ilp32/libc.a(libc_a-fflush.o)
 .text          0x00000844        0x0 /home/cahyo/.local/xPacks/@xpack-dev-tools/riscv-none-elf-gcc/14.2.0-3.1/.content/bin/../lib/gcc/riscv-none-elf/14.2.0/../../../../riscv-none-elf/lib/rv32i/ilp32/libc.a(libc_a-sbrkr.o)
 *(.text.*)
 .text.__errno  0x00000844        0xc /home/cahyo/.local/xPacks/@xpack-dev-tools/riscv-none-elf-gcc/14.2.0-3.1/.content/bin/../lib/gcc/riscv-none-elf/14.2.0/../../../../riscv-none-elf/lib/rv32i/ilp32/libc.a(libc_a-errno.o)
                0x00000844                __errno
 .text.__libc_init_array
                0x00000850       0x84 /home/cahyo/.local/xPacks/@xpack-dev-tools/riscv-none-elf-gcc/14.2.0-3.1/.content/bin/../lib/gcc/riscv-none-elf/14.2.0/../../../../riscv-none-elf/lib/rv32i/ilp32/libc.a(libc_a-init.o)
                0x00000850                __libc_init_array
 .text.stdio_exit_handler
                0x000008d4       0x1c /home/cahyo/.local/xPacks/@xpack-dev-tools/riscv-none-elf-gcc/14.2.0-3.1/.content/bin/../lib/gcc/riscv-none-elf/14.2.0/../../../../riscv-none-elf/lib/rv32i/ilp32/libc.a(libc_a-findfp.o)
 .text.cleanup_stdio
                0x000008f0       0x70 /home/cahyo/.local/xPacks/@xpack-dev-tools/riscv-none-elf-gcc/14.2.0-3.1/.content/bin/../lib/gcc/riscv-none-elf/14.2.0/../../../../riscv-none-elf/lib/rv32i/ilp32/libc.a(libc_a-findfp.o)
 .text.__fp_lock
                0x00000960       0x40 /home/cahyo/.local/xPacks/@xpack-dev-tools/riscv-none-elf-gcc/14.2.0-3.1/.content/bin/../lib/gcc/riscv-none-elf/14.2.0/../../../../riscv-none-elf/lib/rv32i/ilp32/libc.a(libc_a-findfp.o)
 .text.__fp_unlock
                0x000009a0       0x40 /home/cahyo/.local/xPacks/@xpack-dev-tools/riscv-none-elf-gcc/14.2.0-3.1/.content/bin/../lib/gcc/riscv-none-elf/14.2.0/../../../../riscv-none-elf/lib/rv32i/ilp32/libc.a(libc_a-findfp.o)
 .text.global_stdio_init.part.0
                0x000009e0      0x190 /home/cahyo/.local/xPacks/@xpack-dev-tools/riscv-none-elf-gcc/14.2.0-3.1/.content/bin/../lib/gcc/riscv-none-elf/14.2.0/../../../../riscv-none-elf/lib/rv32i/ilp32/libc.a(libc_a-findfp.o)
 .text.__sfp    0x00000b70      0x158 /home/cahyo/.local/xPacks/@xpack-dev-tools/riscv-none-elf-gcc/14.2.0-3.1/.content/bin/../lib/gcc/riscv-none-elf/14.2.0/../../../../riscv-none-elf/lib/rv32i/ilp32/libc.a(libc_a-findfp.o)
                0x00000b70                __sfp
 .text.__sinit  0x00000cc8       0x70 /home/cahyo/.local/xPacks/@xpack-dev-tools/riscv-none-elf-gcc/14.2.0-3.1/.content/bin/../lib/gcc/riscv-none-elf/14.2.0/../../../../riscv-none-elf/lib/rv32i/ilp32/libc.a(libc_a-findfp.o)
                0x00000cc8                __sinit
 .text.__sfp_lock_acquire
                0x00000d38        0xc /home/cahyo/.local/xPacks/@xpack-dev-tools/riscv-none-elf-gcc/14.2.0-3.1/.content/bin/../lib/gcc/riscv-none-elf/14.2.0/../../../../riscv-none-elf/lib/rv32i/ilp32/libc.a(libc_a-findfp.o)
                0x00000d38                __sfp_lock_acquire
 .text.__sfp_lock_release
                0x00000d44        0xc /home/cahyo/.local/xPacks/@xpack-dev-tools/riscv-none-elf-gcc/14.2.0-3.1/.content/bin/../lib/gcc/riscv-none-elf/14.2.0/../../../../riscv-none-elf/lib/rv32i/ilp32/libc.a(libc_a-findfp.o)
                0x00000d44                __sfp_lock_release
 .text.__fp_lock_all
                0x00000d50       0x34 /home/cahyo/.local/xPacks/@xpack-dev-tools/riscv-none-elf-gcc/14.2.0-3.1/.content/bin/../lib/gcc/riscv-none-elf/14.2.0/../../../../riscv-none-elf/lib/rv32i/ilp32/libc.a(libc_a-findfp.o)
                0x00000d50                __fp_lock_all
 .text.__fp_unlock_all
                0x00000d84       0x34 /home/cahyo/.local/xPacks/@xpack-dev-tools/riscv-none-elf-gcc/14.2.0-3.1/.content/bin/../lib/gcc/riscv-none-elf/14.2.0/../../../../riscv-none-elf/lib/rv32i/ilp32/libc.a(libc_a-findfp.o)
                0x00000d84                __fp_unlock_all
 .text._fwalk_sglue
                0x00000db8       0xb4 /home/cahyo/.local/xPacks/@xpack-dev-tools/riscv-none-elf-gcc/14.2.0-3.1/.content/bin/../lib/gcc/riscv-none-elf/14.2.0/../../../../riscv-none-elf/lib/rv32i/ilp32/libc.a(libc_a-fwalk.o)
                0x00000db8                _fwalk_sglue
 .text.__sread  0x00000e6c       0x5c /home/cahyo/.local/xPacks/@xpack-dev-tools/riscv-none-elf-gcc/14.2.0-3.1/.content/bin/../lib/gcc/riscv-none-elf/14.2.0/../../../../riscv-none-elf/lib/rv32i/ilp32/libc.a(libc_a-stdio.o)
                0x00000e6c                __sread
 .text.__seofread
                0x00000ec8        0x8 /home/cahyo/.local/xPacks/@xpack-dev-tools/riscv-none-elf-gcc/14.2.0-3.1/.content/bin/../lib/gcc/riscv-none-elf/14.2.0/../../../../riscv-none-elf/lib/rv32i/ilp32/libc.a(libc_a-stdio.o)
                0x00000ec8                __seofread
 .text.__swrite
                0x00000ed0       0x88 /home/cahyo/.local/xPacks/@xpack-dev-tools/riscv-none-elf-gcc/14.2.0-3.1/.content/bin/../lib/gcc/riscv-none-elf/14.2.0/../../../../riscv-none-elf/lib/rv32i/ilp32/libc.a(libc_a-stdio.o)
                0x00000ed0                __swrite
 .text.__sseek  0x00000f58       0x64 /home/cahyo/.local/xPacks/@xpack-dev-tools/riscv-none-elf-gcc/14.2.0-3.1/.content/bin/../lib/gcc/riscv-none-elf/14.2.0/../../../../riscv-none-elf/lib/rv32i/ilp32/libc.a(libc_a-stdio.o)
                0x00000f58                __sseek
 .text.__sclose
                0x00000fbc        0x8 /home/cahyo/.local/xPacks/@xpack-dev-tools/riscv-none-elf-gcc/14.2.0-3.1/.content/bin/../lib/gcc/riscv-none-elf/14.2.0/../../../../riscv-none-elf/lib/rv32i/ilp32/libc.a(libc_a-stdio.o)
                0x00000fbc                __sclose
 .text._close_r
                0x00000fc4       0x78 /home/cahyo/.local/xPacks/@xpack-dev-tools/riscv-none-elf-gcc/14.2.0-3.1/.content/bin/../lib/gcc/riscv-none-elf/14.2.0/../../../../riscv-none-elf/lib/rv32i/ilp32/libc.a(libc_a-closer.o)
                0x00000fc4                _close_r
 .text._reclaim_reent
                0x0000103c       0xe8 /home/cahyo/.local/xPacks/@xpack-dev-tools/riscv-none-elf-gcc/14.2.0-3.1/.content/bin/../lib/gcc/riscv-none-elf/14.2.0/../../../../riscv-none-elf/lib/rv32i/ilp32/libc.a(libc_a-reent.o)
                0x0000103c                _reclaim_reent
 .text._lseek_r
                0x00001124       0x84 /home/cahyo/.local/xPacks/@xpack-dev-tools/riscv-none-elf-gcc/14.2.0-3.1/.content/bin/../lib/gcc/riscv-none-elf/14.2.0/../../../../riscv-none-elf/lib/rv32i/ilp32/libc.a(libc_a-lseekr.o)
                0x00001124                _lseek_r
 .text._read_r  0x000011a8       0x84 /home/cahyo/.local/xPacks/@xpack-dev-tools/riscv-none-elf-gcc/14.2.0-3.1/.content/bin/../lib/gcc/riscv-none-elf/14.2.0/../../../../riscv-none-elf/lib/rv32i/ilp32/libc.a(libc_a-readr.o)
                0x000011a8                _read_r
 .text._write_r
                0x0000122c       0x84 /home/cahyo/.local/xPacks/@xpack-dev-tools/riscv-none-elf-gcc/14.2.0-3.1/.content/bin/../lib/gcc/riscv-none-elf/14.2.0/../../../../riscv-none-elf/lib/rv32i/ilp32/libc.a(libc_a-writer.o)
                0x0000122c                _write_r
 .text.__retarget_lock_init
                0x000012b0        0x4 /home/cahyo/.local/xPacks/@xpack-dev-tools/riscv-none-elf-gcc/14.2.0-3.1/.content/bin/../lib/gcc/riscv-none-elf/14.2.0/../../../../riscv-none-elf/lib/rv32i/ilp32/libc.a(libc_a-lock.o)
                0x000012b0                __retarget_lock_init
 .text.__retarget_lock_init_recursive
                0x000012b4        0x4 /home/cahyo/.local/xPacks/@xpack-dev-tools/riscv-none-elf-gcc/14.2.0-3.1/.content/bin/../lib/gcc/riscv-none-elf/14.2.0/../../../../riscv-none-elf/lib/rv32i/ilp32/libc.a(libc_a-lock.o)
                0x000012b4                __retarget_lock_init_recursive
 .text.__retarget_lock_close
                0x000012b8        0x4 /home/cahyo/.local/xPacks/@xpack-dev-tools/riscv-none-elf-gcc/14.2.0-3.1/.content/bin/../lib/gcc/riscv-none-elf/14.2.0/../../../../riscv-none-elf/lib/rv32i/ilp32/libc.a(libc_a-lock.o)
                0x000012b8                __retarget_lock_close
 .text.__retarget_lock_close_recursive
                0x000012bc        0x4 /home/cahyo/.local/xPacks/@xpack-dev-tools/riscv-none-elf-gcc/14.2.0-3.1/.content/bin/../lib/gcc/riscv-none-elf/14.2.0/../../../../riscv-none-elf/lib/rv32i/ilp32/libc.a(libc_a-lock.o)
                0x000012bc                __retarget_lock_close_recursive
 .text.__retarget_lock_acquire
                0x000012c0        0x4 /home/cahyo/.local/xPacks/@xpack-dev-tools/riscv-none-elf-gcc/14.2.0-3.1/.content/bin/../lib/gcc/riscv-none-elf/14.2.0/../../../../riscv-none-elf/lib/rv32i/ilp32/libc.a(libc_a-lock.o)
                0x000012c0                __retarget_lock_acquire
 .text.__retarget_lock_acquire_recursive
                0x000012c4        0x4 /home/cahyo/.local/xPacks/@xpack-dev-tools/riscv-none-elf-gcc/14.2.0-3.1/.content/bin/../lib/gcc/riscv-none-elf/14.2.0/../../../../riscv-none-elf/lib/rv32i/ilp32/libc.a(libc_a-lock.o)
                0x000012c4                __retarget_lock_acquire_recursive
 .text.__retarget_lock_try_acquire
                0x000012c8        0x8 /home/cahyo/.local/xPacks/@xpack-dev-tools/riscv-none-elf-gcc/14.2.0-3.1/.content/bin/../lib/gcc/riscv-none-elf/14.2.0/../../../../riscv-none-elf/lib/rv32i/ilp32/libc.a(libc_a-lock.o)
                0x000012c8                __retarget_lock_try_acquire
 .text.__retarget_lock_try_acquire_recursive
                0x000012d0        0x8 /home/cahyo/.local/xPacks/@xpack-dev-tools/riscv-none-elf-gcc/14.2.0-3.1/.content/bin/../lib/gcc/riscv-none-elf/14.2.0/../../../../riscv-none-elf/lib/rv32i/ilp32/libc.a(libc_a-lock.o)
                0x000012d0                __retarget_lock_try_acquire_recursive
 .text.__retarget_lock_release
                0x000012d8        0x4 /home/cahyo/.local/xPacks/@xpack-dev-tools/riscv-none-elf-gcc/14.2.0-3.1/.content/bin/../lib/gcc/riscv-none-elf/14.2.0/../../../../riscv-none-elf/lib/rv32i/ilp32/libc.a(libc_a-lock.o)
                0x000012d8                __retarget_lock_release
 .text.__retarget_lock_release_recursive
                0x000012dc        0x4 /home/cahyo/.local/xPacks/@xpack-dev-tools/riscv-none-elf-gcc/14.2.0-3.1/.content/bin/../lib/gcc/riscv-none-elf/14.2.0/../../../../riscv-none-elf/lib/rv32i/ilp32/libc.a(libc_a-lock.o)
                0x000012dc                __retarget_lock_release_recursive
 .text._malloc_trim_r
                0x000012e0      0x144 /home/cahyo/.local/xPacks/@xpack-dev-tools/riscv-none-elf-gcc/14.2.0-3.1/.content/bin/../lib/gcc/riscv-none-elf/14.2.0/../../../../riscv-none-elf/lib/rv32i/ilp32/libc.a(libc_a-freer.o)
                0x000012e0                _malloc_trim_r
 .text._free_r  0x00001424      0x2f8 /home/cahyo/.local/xPacks/@xpack-dev-tools/riscv-none-elf-gcc/14.2.0-3.1/.content/bin/../lib/gcc/riscv-none-elf/14.2.0/../../../../riscv-none-elf/lib/rv32i/ilp32/libc.a(libc_a-freer.o)
                0x00001424                _free_r
 .text._malloc_r
                0x0000171c      0x82c /home/cahyo/.local/xPacks/@xpack-dev-tools/riscv-none-elf-gcc/14.2.0-3.1/.content/bin/../lib/gcc/riscv-none-elf/14.2.0/../../../../riscv-none-elf/lib/rv32i/ilp32/libc.a(libc_a-mallocr.o)
                0x0000171c                _malloc_r
 .text.__malloc_lock
                0x00001f48        0xc /home/cahyo/.local/xPacks/@xpack-dev-tools/riscv-none-elf-gcc/14.2.0-3.1/.content/bin/../lib/gcc/riscv-none-elf/14.2.0/../../../../riscv-none-elf/lib/rv32i/ilp32/libc.a(libc_a-mlock.o)
                0x00001f48                __malloc_lock
 .text.__malloc_unlock
                0x00001f54        0xc /home/cahyo/.local/xPacks/@xpack-dev-tools/riscv-none-elf-gcc/14.2.0-3.1/.content/bin/../lib/gcc/riscv-none-elf/14.2.0/../../../../riscv-none-elf/lib/rv32i/ilp32/libc.a(libc_a-mlock.o)
                0x00001f54                __malloc_unlock
 .text._fclose_r
                0x00001f60      0x16c /home/cahyo/.local/xPacks/@xpack-dev-tools/riscv-none-elf-gcc/14.2.0-3.1/.content/bin/../lib/gcc/riscv-none-elf/14.2.0/../../../../riscv-none-elf/lib/rv32i/ilp32/libc.a(libc_a-fclose.o)
                0x00001f60                _fclose_r
 .text.fclose   0x000020cc       0x10 /home/cahyo/.local/xPacks/@xpack-dev-tools/riscv-none-elf-gcc/14.2.0-3.1/.content/bin/../lib/gcc/riscv-none-elf/14.2.0/../../../../riscv-none-elf/lib/rv32i/ilp32/libc.a(libc_a-fclose.o)
                0x000020cc                fclose
 .text.__sflush_r
                0x000020dc      0x258 /home/cahyo/.local/xPacks/@xpack-dev-tools/riscv-none-elf-gcc/14.2.0-3.1/.content/bin/../lib/gcc/riscv-none-elf/14.2.0/../../../../riscv-none-elf/lib/rv32i/ilp32/libc.a(libc_a-fflush.o)
                0x000020dc                __sflush_r
 .text._fflush_r
                0x00002334       0xe0 /home/cahyo/.local/xPacks/@xpack-dev-tools/riscv-none-elf-gcc/14.2.0-3.1/.content/bin/../lib/gcc/riscv-none-elf/14.2.0/../../../../riscv-none-elf/lib/rv32i/ilp32/libc.a(libc_a-fflush.o)
                0x00002334                _fflush_r
 .text.fflush   0x00002414       0xd4 /home/cahyo/.local/xPacks/@xpack-dev-tools/riscv-none-elf-gcc/14.2.0-3.1/.content/bin/../lib/gcc/riscv-none-elf/14.2.0/../../../../riscv-none-elf/lib/rv32i/ilp32/libc.a(libc_a-fflush.o)
                0x00002414                fflush
 .text._sbrk_r  0x000024e8       0x78 /home/cahyo/.local/xPacks/@xpack-dev-tools/riscv-none-elf-gcc/14.2.0-3.1/.content/bin/../lib/gcc/riscv-none-elf/14.2.0/../../../../riscv-none-elf/lib/rv32i/ilp32/libc.a(libc_a-sbrkr.o)
                0x000024e8                _sbrk_r
 *(.rodata)
 .rodata        0x00002560       0x1f main.o
 *(.rodata.*)
                0x00002580                        . = ALIGN (0x8)
 *fill*         0x0000257f        0x1 
                0x00002580                        _etext = .
                0x00002580                        _la_data = LOADADDR (.data)

.rela.dyn       0x00002580        0x0
 .rela.init     0x00002580        0x0 boot.o
 .rela.text     0x00002580        0x0 boot.o
 .rela.sdata    0x00002580        0x0 boot.o
 .rela.text.__libc_init_array
                0x00002580        0x0 boot.o

.data           0x10000000      0x534 load address 0x00002580
                0x10000000                        _sdata = .
 *(.data)
 .data          0x10000000        0x0 boot.o
 .data          0x10000000        0x0 ram_init.o
 .data          0x10000000        0x0 syscalls.o
 .data          0x10000000        0x0 main.o
 .data          0x10000000        0x0 /home/cahyo/.local/xPacks/@xpack-dev-tools/riscv-none-elf-gcc/14.2.0-3.1/.content/bin/../lib/gcc/riscv-none-elf/14.2.0/../../../../riscv-none-elf/lib/rv32i/ilp32/libc.a(libc_a-errno.o)
 .data          0x10000000        0x0 /home/cahyo/.local/xPacks/@xpack-dev-tools/riscv-none-elf-gcc/14.2.0-3.1/.content/bin/../lib/gcc/riscv-none-elf/14.2.0/../../../../riscv-none-elf/lib/rv32i/ilp32/libc.a(libc_a-init.o)
 .data          0x10000000        0x0 /home/cahyo/.local/xPacks/@xpack-dev-tools/riscv-none-elf-gcc/14.2.0-3.1/.content/bin/../lib/gcc/riscv-none-elf/14.2.0/../../../../riscv-none-elf/lib/rv32i/ilp32/libc.a(libc_a-impure.o)
 .data          0x10000000        0x0 /home/cahyo/.local/xPacks/@xpack-dev-tools/riscv-none-elf-gcc/14.2.0-3.1/.content/bin/../lib/gcc/riscv-none-elf/14.2.0/../../../../riscv-none-elf/lib/rv32i/ilp32/libc.a(libc_a-findfp.o)
 .data          0x10000000        0x0 /home/cahyo/.local/xPacks/@xpack-dev-tools/riscv-none-elf-gcc/14.2.0-3.1/.content/bin/../lib/gcc/riscv-none-elf/14.2.0/../../../../riscv-none-elf/lib/rv32i/ilp32/libc.a(libc_a-fwalk.o)
 .data          0x10000000        0x0 /home/cahyo/.local/xPacks/@xpack-dev-tools/riscv-none-elf-gcc/14.2.0-3.1/.content/bin/../lib/gcc/riscv-none-elf/14.2.0/../../../../riscv-none-elf/lib/rv32i/ilp32/libc.a(libc_a-stdio.o)
 .data          0x10000000        0x0 /home/cahyo/.local/xPacks/@xpack-dev-tools/riscv-none-elf-gcc/14.2.0-3.1/.content/bin/../lib/gcc/riscv-none-elf/14.2.0/../../../../riscv-none-elf/lib/rv32i/ilp32/libc.a(libc_a-closer.o)
 .data          0x10000000        0x0 /home/cahyo/.local/xPacks/@xpack-dev-tools/riscv-none-elf-gcc/14.2.0-3.1/.content/bin/../lib/gcc/riscv-none-elf/14.2.0/../../../../riscv-none-elf/lib/rv32i/ilp32/libc.a(libc_a-reent.o)
 .data          0x10000000        0x0 /home/cahyo/.local/xPacks/@xpack-dev-tools/riscv-none-elf-gcc/14.2.0-3.1/.content/bin/../lib/gcc/riscv-none-elf/14.2.0/../../../../riscv-none-elf/lib/rv32i/ilp32/libc.a(libc_a-lseekr.o)
 .data          0x10000000        0x0 /home/cahyo/.local/xPacks/@xpack-dev-tools/riscv-none-elf-gcc/14.2.0-3.1/.content/bin/../lib/gcc/riscv-none-elf/14.2.0/../../../../riscv-none-elf/lib/rv32i/ilp32/libc.a(libc_a-readr.o)
 .data          0x10000000        0x0 /home/cahyo/.local/xPacks/@xpack-dev-tools/riscv-none-elf-gcc/14.2.0-3.1/.content/bin/../lib/gcc/riscv-none-elf/14.2.0/../../../../riscv-none-elf/lib/rv32i/ilp32/libc.a(libc_a-writer.o)
 .data          0x10000000        0x0 /home/cahyo/.local/xPacks/@xpack-dev-tools/riscv-none-elf-gcc/14.2.0-3.1/.content/bin/../lib/gcc/riscv-none-elf/14.2.0/../../../../riscv-none-elf/lib/rv32i/ilp32/libc.a(libc_a-lock.o)
 .data          0x10000000        0x0 /home/cahyo/.local/xPacks/@xpack-dev-tools/riscv-none-elf-gcc/14.2.0-3.1/.content/bin/../lib/gcc/riscv-none-elf/14.2.0/../../../../riscv-none-elf/lib/rv32i/ilp32/libc.a(libc_a-memset.o)
 .data          0x10000000        0x0 /home/cahyo/.local/xPacks/@xpack-dev-tools/riscv-none-elf-gcc/14.2.0-3.1/.content/bin/../lib/gcc/riscv-none-elf/14.2.0/../../../../riscv-none-elf/lib/rv32i/ilp32/libc.a(libc_a-freer.o)
 .data          0x10000000        0x0 /home/cahyo/.local/xPacks/@xpack-dev-tools/riscv-none-elf-gcc/14.2.0-3.1/.content/bin/../lib/gcc/riscv-none-elf/14.2.0/../../../../riscv-none-elf/lib/rv32i/ilp32/libc.a(libc_a-mallocr.o)
 .data          0x10000000        0x0 /home/cahyo/.local/xPacks/@xpack-dev-tools/riscv-none-elf-gcc/14.2.0-3.1/.content/bin/../lib/gcc/riscv-none-elf/14.2.0/../../../../riscv-none-elf/lib/rv32i/ilp32/libc.a(libc_a-mlock.o)
 .data          0x10000000        0x0 /home/cahyo/.local/xPacks/@xpack-dev-tools/riscv-none-elf-gcc/14.2.0-3.1/.content/bin/../lib/gcc/riscv-none-elf/14.2.0/../../../../riscv-none-elf/lib/rv32i/ilp32/libc.a(libc_a-fclose.o)
 .data          0x10000000        0x0 /home/cahyo/.local/xPacks/@xpack-dev-tools/riscv-none-elf-gcc/14.2.0-3.1/.content/bin/../lib/gcc/riscv-none-elf/14.2.0/../../../../riscv-none-elf/lib/rv32i/ilp32/libc.a(libc_a-fflush.o)
 .data          0x10000000        0x0 /home/cahyo/.local/xPacks/@xpack-dev-tools/riscv-none-elf-gcc/14.2.0-3.1/.content/bin/../lib/gcc/riscv-none-elf/14.2.0/../../../../riscv-none-elf/lib/rv32i/ilp32/libc.a(libc_a-sbrkr.o)
 *(.data.*)
 .data._impure_data
                0x10000000      0x120 /home/cahyo/.local/xPacks/@xpack-dev-tools/riscv-none-elf-gcc/14.2.0-3.1/.content/bin/../lib/gcc/riscv-none-elf/14.2.0/../../../../riscv-none-elf/lib/rv32i/ilp32/libc.a(libc_a-impure.o)
                0x10000000                _impure_data
 .data.__sglue  0x10000120        0xc /home/cahyo/.local/xPacks/@xpack-dev-tools/riscv-none-elf-gcc/14.2.0-3.1/.content/bin/../lib/gcc/riscv-none-elf/14.2.0/../../../../riscv-none-elf/lib/rv32i/ilp32/libc.a(libc_a-findfp.o)
                0x10000120                __sglue
 .data.__malloc_av_
                0x1000012c      0x408 /home/cahyo/.local/xPacks/@xpack-dev-tools/riscv-none-elf-gcc/14.2.0-3.1/.content/bin/../lib/gcc/riscv-none-elf/14.2.0/../../../../riscv-none-elf/lib/rv32i/ilp32/libc.a(libc_a-mallocr.o)
                0x1000012c                __malloc_av_

.sdata          0x10000534       0x14 load address 0x00002ab4
 *(.sdata*)
 .sdata         0x10000534        0x8 syscalls.o
                0x10000534                environ
 .sdata._impure_ptr
                0x1000053c        0x4 /home/cahyo/.local/xPacks/@xpack-dev-tools/riscv-none-elf-gcc/14.2.0-3.1/.content/bin/../lib/gcc/riscv-none-elf/14.2.0/../../../../riscv-none-elf/lib/rv32i/ilp32/libc.a(libc_a-impure.o)
                0x1000053c                _impure_ptr
 .sdata.__malloc_sbrk_base
                0x10000540        0x4 /home/cahyo/.local/xPacks/@xpack-dev-tools/riscv-none-elf-gcc/14.2.0-3.1/.content/bin/../lib/gcc/riscv-none-elf/14.2.0/../../../../riscv-none-elf/lib/rv32i/ilp32/libc.a(libc_a-mallocr.o)
                0x10000540                __malloc_sbrk_base
 .sdata.__malloc_trim_threshold
                0x10000544        0x4 /home/cahyo/.local/xPacks/@xpack-dev-tools/riscv-none-elf-gcc/14.2.0-3.1/.content/bin/../lib/gcc/riscv-none-elf/14.2.0/../../../../riscv-none-elf/lib/rv32i/ilp32/libc.a(libc_a-mallocr.o)
                0x10000544                __malloc_trim_threshold
                0x10000d48                        //__global_pointer$ = (. + 0x800)
                0x10000548                        _edata = .

.bss            0x10000548      0x160 load address 0x00002ac8
                0x10000548                        _sbss = .
 *(.bss)
 .bss           0x10000548        0x0 boot.o
 .bss           0x10000548        0x0 ram_init.o
 .bss           0x10000548        0x0 syscalls.o
 .bss           0x10000548        0x0 main.o
 .bss           0x10000548        0x0 /home/cahyo/.local/xPacks/@xpack-dev-tools/riscv-none-elf-gcc/14.2.0-3.1/.content/bin/../lib/gcc/riscv-none-elf/14.2.0/../../../../riscv-none-elf/lib/rv32i/ilp32/libc.a(libc_a-errno.o)
 .bss           0x10000548        0x0 /home/cahyo/.local/xPacks/@xpack-dev-tools/riscv-none-elf-gcc/14.2.0-3.1/.content/bin/../lib/gcc/riscv-none-elf/14.2.0/../../../../riscv-none-elf/lib/rv32i/ilp32/libc.a(libc_a-init.o)
 .bss           0x10000548        0x0 /home/cahyo/.local/xPacks/@xpack-dev-tools/riscv-none-elf-gcc/14.2.0-3.1/.content/bin/../lib/gcc/riscv-none-elf/14.2.0/../../../../riscv-none-elf/lib/rv32i/ilp32/libc.a(libc_a-impure.o)
 .bss           0x10000548        0x0 /home/cahyo/.local/xPacks/@xpack-dev-tools/riscv-none-elf-gcc/14.2.0-3.1/.content/bin/../lib/gcc/riscv-none-elf/14.2.0/../../../../riscv-none-elf/lib/rv32i/ilp32/libc.a(libc_a-findfp.o)
 .bss           0x10000548        0x0 /home/cahyo/.local/xPacks/@xpack-dev-tools/riscv-none-elf-gcc/14.2.0-3.1/.content/bin/../lib/gcc/riscv-none-elf/14.2.0/../../../../riscv-none-elf/lib/rv32i/ilp32/libc.a(libc_a-fwalk.o)
 .bss           0x10000548        0x0 /home/cahyo/.local/xPacks/@xpack-dev-tools/riscv-none-elf-gcc/14.2.0-3.1/.content/bin/../lib/gcc/riscv-none-elf/14.2.0/../../../../riscv-none-elf/lib/rv32i/ilp32/libc.a(libc_a-stdio.o)
 .bss           0x10000548        0x0 /home/cahyo/.local/xPacks/@xpack-dev-tools/riscv-none-elf-gcc/14.2.0-3.1/.content/bin/../lib/gcc/riscv-none-elf/14.2.0/../../../../riscv-none-elf/lib/rv32i/ilp32/libc.a(libc_a-closer.o)
 .bss           0x10000548        0x0 /home/cahyo/.local/xPacks/@xpack-dev-tools/riscv-none-elf-gcc/14.2.0-3.1/.content/bin/../lib/gcc/riscv-none-elf/14.2.0/../../../../riscv-none-elf/lib/rv32i/ilp32/libc.a(libc_a-reent.o)
 .bss           0x10000548        0x0 /home/cahyo/.local/xPacks/@xpack-dev-tools/riscv-none-elf-gcc/14.2.0-3.1/.content/bin/../lib/gcc/riscv-none-elf/14.2.0/../../../../riscv-none-elf/lib/rv32i/ilp32/libc.a(libc_a-lseekr.o)
 .bss           0x10000548        0x0 /home/cahyo/.local/xPacks/@xpack-dev-tools/riscv-none-elf-gcc/14.2.0-3.1/.content/bin/../lib/gcc/riscv-none-elf/14.2.0/../../../../riscv-none-elf/lib/rv32i/ilp32/libc.a(libc_a-readr.o)
 .bss           0x10000548        0x0 /home/cahyo/.local/xPacks/@xpack-dev-tools/riscv-none-elf-gcc/14.2.0-3.1/.content/bin/../lib/gcc/riscv-none-elf/14.2.0/../../../../riscv-none-elf/lib/rv32i/ilp32/libc.a(libc_a-writer.o)
 .bss           0x10000548        0x0 /home/cahyo/.local/xPacks/@xpack-dev-tools/riscv-none-elf-gcc/14.2.0-3.1/.content/bin/../lib/gcc/riscv-none-elf/14.2.0/../../../../riscv-none-elf/lib/rv32i/ilp32/libc.a(libc_a-lock.o)
 .bss           0x10000548        0x0 /home/cahyo/.local/xPacks/@xpack-dev-tools/riscv-none-elf-gcc/14.2.0-3.1/.content/bin/../lib/gcc/riscv-none-elf/14.2.0/../../../../riscv-none-elf/lib/rv32i/ilp32/libc.a(libc_a-memset.o)
 .bss           0x10000548        0x0 /home/cahyo/.local/xPacks/@xpack-dev-tools/riscv-none-elf-gcc/14.2.0-3.1/.content/bin/../lib/gcc/riscv-none-elf/14.2.0/../../../../riscv-none-elf/lib/rv32i/ilp32/libc.a(libc_a-freer.o)
 .bss           0x10000548        0x0 /home/cahyo/.local/xPacks/@xpack-dev-tools/riscv-none-elf-gcc/14.2.0-3.1/.content/bin/../lib/gcc/riscv-none-elf/14.2.0/../../../../riscv-none-elf/lib/rv32i/ilp32/libc.a(libc_a-mallocr.o)
 .bss           0x10000548        0x0 /home/cahyo/.local/xPacks/@xpack-dev-tools/riscv-none-elf-gcc/14.2.0-3.1/.content/bin/../lib/gcc/riscv-none-elf/14.2.0/../../../../riscv-none-elf/lib/rv32i/ilp32/libc.a(libc_a-mlock.o)
 .bss           0x10000548        0x0 /home/cahyo/.local/xPacks/@xpack-dev-tools/riscv-none-elf-gcc/14.2.0-3.1/.content/bin/../lib/gcc/riscv-none-elf/14.2.0/../../../../riscv-none-elf/lib/rv32i/ilp32/libc.a(libc_a-fclose.o)
 .bss           0x10000548        0x0 /home/cahyo/.local/xPacks/@xpack-dev-tools/riscv-none-elf-gcc/14.2.0-3.1/.content/bin/../lib/gcc/riscv-none-elf/14.2.0/../../../../riscv-none-elf/lib/rv32i/ilp32/libc.a(libc_a-fflush.o)
 .bss           0x10000548        0x0 /home/cahyo/.local/xPacks/@xpack-dev-tools/riscv-none-elf-gcc/14.2.0-3.1/.content/bin/../lib/gcc/riscv-none-elf/14.2.0/../../../../riscv-none-elf/lib/rv32i/ilp32/libc.a(libc_a-sbrkr.o)
 *(.bss.*)
 .bss.__sf      0x10000548      0x138 /home/cahyo/.local/xPacks/@xpack-dev-tools/riscv-none-elf-gcc/14.2.0-3.1/.content/bin/../lib/gcc/riscv-none-elf/14.2.0/../../../../riscv-none-elf/lib/rv32i/ilp32/libc.a(libc_a-findfp.o)
                0x10000548                __sf
 .bss.__malloc_current_mallinfo
                0x10000680       0x28 /home/cahyo/.local/xPacks/@xpack-dev-tools/riscv-none-elf-gcc/14.2.0-3.1/.content/bin/../lib/gcc/riscv-none-elf/14.2.0/../../../../riscv-none-elf/lib/rv32i/ilp32/libc.a(libc_a-mallocr.o)
                0x10000680                __malloc_current_mallinfo
 *(COMMON)
                0x100006a8                        . = ALIGN (0x8)
                0x100006a8                        _ebss = .

.sbss           0x00002ac8       0x38
                0x00002ac8                        _sbss_start = .
 *(.sbss*)
 .sbss          0x00002ac8        0x4 syscalls.o
                0x00002ac8                __env
 .sbss.__stdio_exit_handler
                0x00002acc        0x4 /home/cahyo/.local/xPacks/@xpack-dev-tools/riscv-none-elf-gcc/14.2.0-3.1/.content/bin/../lib/gcc/riscv-none-elf/14.2.0/../../../../riscv-none-elf/lib/rv32i/ilp32/libc.a(libc_a-findfp.o)
                0x00002acc                __stdio_exit_handler
 .sbss.errno    0x00002ad0        0x4 /home/cahyo/.local/xPacks/@xpack-dev-tools/riscv-none-elf-gcc/14.2.0-3.1/.content/bin/../lib/gcc/riscv-none-elf/14.2.0/../../../../riscv-none-elf/lib/rv32i/ilp32/libc.a(libc_a-reent.o)
                0x00002ad0                errno
 .sbss.__lock___arc4random_mutex
                0x00002ad4        0x1 /home/cahyo/.local/xPacks/@xpack-dev-tools/riscv-none-elf-gcc/14.2.0-3.1/.content/bin/../lib/gcc/riscv-none-elf/14.2.0/../../../../riscv-none-elf/lib/rv32i/ilp32/libc.a(libc_a-lock.o)
                0x00002ad4                __lock___arc4random_mutex
 *fill*         0x00002ad5        0x3 
 .sbss.__lock___dd_hash_mutex
                0x00002ad8        0x1 /home/cahyo/.local/xPacks/@xpack-dev-tools/riscv-none-elf-gcc/14.2.0-3.1/.content/bin/../lib/gcc/riscv-none-elf/14.2.0/../../../../riscv-none-elf/lib/rv32i/ilp32/libc.a(libc_a-lock.o)
                0x00002ad8                __lock___dd_hash_mutex
 *fill*         0x00002ad9        0x3 
 .sbss.__lock___tz_mutex
                0x00002adc        0x1 /home/cahyo/.local/xPacks/@xpack-dev-tools/riscv-none-elf-gcc/14.2.0-3.1/.content/bin/../lib/gcc/riscv-none-elf/14.2.0/../../../../riscv-none-elf/lib/rv32i/ilp32/libc.a(libc_a-lock.o)
                0x00002adc                __lock___tz_mutex
 *fill*         0x00002add        0x3 
 .sbss.__lock___env_recursive_mutex
                0x00002ae0        0x1 /home/cahyo/.local/xPacks/@xpack-dev-tools/riscv-none-elf-gcc/14.2.0-3.1/.content/bin/../lib/gcc/riscv-none-elf/14.2.0/../../../../riscv-none-elf/lib/rv32i/ilp32/libc.a(libc_a-lock.o)
                0x00002ae0                __lock___env_recursive_mutex
 *fill*         0x00002ae1        0x3 
 .sbss.__lock___malloc_recursive_mutex
                0x00002ae4        0x1 /home/cahyo/.local/xPacks/@xpack-dev-tools/riscv-none-elf-gcc/14.2.0-3.1/.content/bin/../lib/gcc/riscv-none-elf/14.2.0/../../../../riscv-none-elf/lib/rv32i/ilp32/libc.a(libc_a-lock.o)
                0x00002ae4                __lock___malloc_recursive_mutex
 *fill*         0x00002ae5        0x3 
 .sbss.__lock___at_quick_exit_mutex
                0x00002ae8        0x1 /home/cahyo/.local/xPacks/@xpack-dev-tools/riscv-none-elf-gcc/14.2.0-3.1/.content/bin/../lib/gcc/riscv-none-elf/14.2.0/../../../../riscv-none-elf/lib/rv32i/ilp32/libc.a(libc_a-lock.o)
                0x00002ae8                __lock___at_quick_exit_mutex
 *fill*         0x00002ae9        0x3 
 .sbss.__lock___atexit_recursive_mutex
                0x00002aec        0x1 /home/cahyo/.local/xPacks/@xpack-dev-tools/riscv-none-elf-gcc/14.2.0-3.1/.content/bin/../lib/gcc/riscv-none-elf/14.2.0/../../../../riscv-none-elf/lib/rv32i/ilp32/libc.a(libc_a-lock.o)
                0x00002aec                __lock___atexit_recursive_mutex
 *fill*         0x00002aed        0x3 
 .sbss.__lock___sfp_recursive_mutex
                0x00002af0        0x1 /home/cahyo/.local/xPacks/@xpack-dev-tools/riscv-none-elf-gcc/14.2.0-3.1/.content/bin/../lib/gcc/riscv-none-elf/14.2.0/../../../../riscv-none-elf/lib/rv32i/ilp32/libc.a(libc_a-lock.o)
                0x00002af0                __lock___sfp_recursive_mutex
 *fill*         0x00002af1        0x3 
 .sbss.__malloc_max_total_mem
                0x00002af4        0x4 /home/cahyo/.local/xPacks/@xpack-dev-tools/riscv-none-elf-gcc/14.2.0-3.1/.content/bin/../lib/gcc/riscv-none-elf/14.2.0/../../../../riscv-none-elf/lib/rv32i/ilp32/libc.a(libc_a-mallocr.o)
                0x00002af4                __malloc_max_total_mem
 .sbss.__malloc_max_sbrked_mem
                0x00002af8        0x4 /home/cahyo/.local/xPacks/@xpack-dev-tools/riscv-none-elf-gcc/14.2.0-3.1/.content/bin/../lib/gcc/riscv-none-elf/14.2.0/../../../../riscv-none-elf/lib/rv32i/ilp32/libc.a(libc_a-mallocr.o)
                0x00002af8                __malloc_max_sbrked_mem
 .sbss.__malloc_top_pad
                0x00002afc        0x4 /home/cahyo/.local/xPacks/@xpack-dev-tools/riscv-none-elf-gcc/14.2.0-3.1/.content/bin/../lib/gcc/riscv-none-elf/14.2.0/../../../../riscv-none-elf/lib/rv32i/ilp32/libc.a(libc_a-mallocr.o)
                0x00002afc                __malloc_top_pad
 *(.sbss.*)
                0x00002b00                        . = ALIGN (0x8)
                0x00002b00                        _sbss_end = .
                0x00002b00                        . = ALIGN (0x8)
                0x00002b00                        _end = .
                0x00002000                        _stack_size = 0x2000
                0x10004000                        _stack_top = (ORIGIN (RAM) + LENGTH (RAM))
                0x10002000                        _stack_bottom = (_stack_top - _stack_size)
                0x00000001                        ASSERT ((_end <= _stack_bottom), Error: Heap collides with stack)
LOAD boot.o
LOAD ram_init.o
LOAD syscalls.o
LOAD main.o
LOAD /home/cahyo/.local/xPacks/@xpack-dev-tools/riscv-none-elf-gcc/14.2.0-3.1/.content/bin/../lib/gcc/riscv-none-elf/14.2.0/rv32i/ilp32/libgcc.a
START GROUP
LOAD /home/cahyo/.local/xPacks/@xpack-dev-tools/riscv-none-elf-gcc/14.2.0-3.1/.content/bin/../lib/gcc/riscv-none-elf/14.2.0/../../../../riscv-none-elf/lib/rv32i/ilp32/libc.a
END GROUP
LOAD /home/cahyo/.local/xPacks/@xpack-dev-tools/riscv-none-elf-gcc/14.2.0-3.1/.content/bin/../lib/gcc/riscv-none-elf/14.2.0/rv32i/ilp32/libgcc.a
START GROUP
LOAD /home/cahyo/.local/xPacks/@xpack-dev-tools/riscv-none-elf-gcc/14.2.0-3.1/.content/bin/../lib/gcc/riscv-none-elf/14.2.0/rv32i/ilp32/libgcc.a
LOAD /home/cahyo/.local/xPacks/@xpack-dev-tools/riscv-none-elf-gcc/14.2.0-3.1/.content/bin/../lib/gcc/riscv-none-elf/14.2.0/../../../../riscv-none-elf/lib/rv32i/ilp32/libc.a
LOAD /home/cahyo/.local/xPacks/@xpack-dev-tools/riscv-none-elf-gcc/14.2.0-3.1/.content/bin/../lib/gcc/riscv-none-elf/14.2.0/../../../../riscv-none-elf/lib/rv32i/ilp32/libnosys.a
END GROUP
OUTPUT(program.elf elf32-littleriscv)

.riscv.attributes
                0x00000000       0x1c
 .riscv.attributes
                0x00000000       0x1a boot.o
 .riscv.attributes
                0x0000001a       0x1c ram_init.o
 .riscv.attributes
                0x00000036       0x1c syscalls.o
 .riscv.attributes
                0x00000052       0x1c main.o
 .riscv.attributes
                0x0000006e       0x1c /home/cahyo/.local/xPacks/@xpack-dev-tools/riscv-none-elf-gcc/14.2.0-3.1/.content/bin/../lib/gcc/riscv-none-elf/14.2.0/../../../../riscv-none-elf/lib/rv32i/ilp32/libc.a(libc_a-errno.o)
 .riscv.attributes
                0x0000008a       0x1c /home/cahyo/.local/xPacks/@xpack-dev-tools/riscv-none-elf-gcc/14.2.0-3.1/.content/bin/../lib/gcc/riscv-none-elf/14.2.0/../../../../riscv-none-elf/lib/rv32i/ilp32/libc.a(libc_a-init.o)
 .riscv.attributes
                0x000000a6       0x1c /home/cahyo/.local/xPacks/@xpack-dev-tools/riscv-none-elf-gcc/14.2.0-3.1/.content/bin/../lib/gcc/riscv-none-elf/14.2.0/../../../../riscv-none-elf/lib/rv32i/ilp32/libc.a(libc_a-impure.o)
 .riscv.attributes
                0x000000c2       0x1c /home/cahyo/.local/xPacks/@xpack-dev-tools/riscv-none-elf-gcc/14.2.0-3.1/.content/bin/../lib/gcc/riscv-none-elf/14.2.0/../../../../riscv-none-elf/lib/rv32i/ilp32/libc.a(libc_a-findfp.o)
 .riscv.attributes
                0x000000de       0x1c /home/cahyo/.local/xPacks/@xpack-dev-tools/riscv-none-elf-gcc/14.2.0-3.1/.content/bin/../lib/gcc/riscv-none-elf/14.2.0/../../../../riscv-none-elf/lib/rv32i/ilp32/libc.a(libc_a-fwalk.o)
 .riscv.attributes
                0x000000fa       0x1c /home/cahyo/.local/xPacks/@xpack-dev-tools/riscv-none-elf-gcc/14.2.0-3.1/.content/bin/../lib/gcc/riscv-none-elf/14.2.0/../../../../riscv-none-elf/lib/rv32i/ilp32/libc.a(libc_a-stdio.o)
 .riscv.attributes
                0x00000116       0x1c /home/cahyo/.local/xPacks/@xpack-dev-tools/riscv-none-elf-gcc/14.2.0-3.1/.content/bin/../lib/gcc/riscv-none-elf/14.2.0/../../../../riscv-none-elf/lib/rv32i/ilp32/libc.a(libc_a-closer.o)
 .riscv.attributes
                0x00000132       0x1c /home/cahyo/.local/xPacks/@xpack-dev-tools/riscv-none-elf-gcc/14.2.0-3.1/.content/bin/../lib/gcc/riscv-none-elf/14.2.0/../../../../riscv-none-elf/lib/rv32i/ilp32/libc.a(libc_a-reent.o)
 .riscv.attributes
                0x0000014e       0x1c /home/cahyo/.local/xPacks/@xpack-dev-tools/riscv-none-elf-gcc/14.2.0-3.1/.content/bin/../lib/gcc/riscv-none-elf/14.2.0/../../../../riscv-none-elf/lib/rv32i/ilp32/libc.a(libc_a-lseekr.o)
 .riscv.attributes
                0x0000016a       0x1c /home/cahyo/.local/xPacks/@xpack-dev-tools/riscv-none-elf-gcc/14.2.0-3.1/.content/bin/../lib/gcc/riscv-none-elf/14.2.0/../../../../riscv-none-elf/lib/rv32i/ilp32/libc.a(libc_a-readr.o)
 .riscv.attributes
                0x00000186       0x1c /home/cahyo/.local/xPacks/@xpack-dev-tools/riscv-none-elf-gcc/14.2.0-3.1/.content/bin/../lib/gcc/riscv-none-elf/14.2.0/../../../../riscv-none-elf/lib/rv32i/ilp32/libc.a(libc_a-writer.o)
 .riscv.attributes
                0x000001a2       0x1c /home/cahyo/.local/xPacks/@xpack-dev-tools/riscv-none-elf-gcc/14.2.0-3.1/.content/bin/../lib/gcc/riscv-none-elf/14.2.0/../../../../riscv-none-elf/lib/rv32i/ilp32/libc.a(libc_a-lock.o)
 .riscv.attributes
                0x000001be       0x1a /home/cahyo/.local/xPacks/@xpack-dev-tools/riscv-none-elf-gcc/14.2.0-3.1/.content/bin/../lib/gcc/riscv-none-elf/14.2.0/../../../../riscv-none-elf/lib/rv32i/ilp32/libc.a(libc_a-memset.o)
 .riscv.attributes
                0x000001d8       0x1c /home/cahyo/.local/xPacks/@xpack-dev-tools/riscv-none-elf-gcc/14.2.0-3.1/.content/bin/../lib/gcc/riscv-none-elf/14.2.0/../../../../riscv-none-elf/lib/rv32i/ilp32/libc.a(libc_a-freer.o)
 .riscv.attributes
                0x000001f4       0x1c /home/cahyo/.local/xPacks/@xpack-dev-tools/riscv-none-elf-gcc/14.2.0-3.1/.content/bin/../lib/gcc/riscv-none-elf/14.2.0/../../../../riscv-none-elf/lib/rv32i/ilp32/libc.a(libc_a-mallocr.o)
 .riscv.attributes
                0x00000210       0x1c /home/cahyo/.local/xPacks/@xpack-dev-tools/riscv-none-elf-gcc/14.2.0-3.1/.content/bin/../lib/gcc/riscv-none-elf/14.2.0/../../../../riscv-none-elf/lib/rv32i/ilp32/libc.a(libc_a-mlock.o)
 .riscv.attributes
                0x0000022c       0x1c /home/cahyo/.local/xPacks/@xpack-dev-tools/riscv-none-elf-gcc/14.2.0-3.1/.content/bin/../lib/gcc/riscv-none-elf/14.2.0/../../../../riscv-none-elf/lib/rv32i/ilp32/libc.a(libc_a-fclose.o)
 .riscv.attributes
                0x00000248       0x1c /home/cahyo/.local/xPacks/@xpack-dev-tools/riscv-none-elf-gcc/14.2.0-3.1/.content/bin/../lib/gcc/riscv-none-elf/14.2.0/../../../../riscv-none-elf/lib/rv32i/ilp32/libc.a(libc_a-fflush.o)
 .riscv.attributes
                0x00000264       0x1c /home/cahyo/.local/xPacks/@xpack-dev-tools/riscv-none-elf-gcc/14.2.0-3.1/.content/bin/../lib/gcc/riscv-none-elf/14.2.0/../../../../riscv-none-elf/lib/rv32i/ilp32/libc.a(libc_a-sbrkr.o)

.comment        0x00000000       0x33
 .comment       0x00000000       0x33 ram_init.o
                                 0x34 (size before relaxing)
 .comment       0x00000033       0x34 syscalls.o
 .comment       0x00000033       0x34 main.o
 .comment       0x00000033       0x34 /home/cahyo/.local/xPacks/@xpack-dev-tools/riscv-none-elf-gcc/14.2.0-3.1/.content/bin/../lib/gcc/riscv-none-elf/14.2.0/../../../../riscv-none-elf/lib/rv32i/ilp32/libc.a(libc_a-errno.o)
 .comment       0x00000033       0x34 /home/cahyo/.local/xPacks/@xpack-dev-tools/riscv-none-elf-gcc/14.2.0-3.1/.content/bin/../lib/gcc/riscv-none-elf/14.2.0/../../../../riscv-none-elf/lib/rv32i/ilp32/libc.a(libc_a-init.o)
 .comment       0x00000033       0x34 /home/cahyo/.local/xPacks/@xpack-dev-tools/riscv-none-elf-gcc/14.2.0-3.1/.content/bin/../lib/gcc/riscv-none-elf/14.2.0/../../../../riscv-none-elf/lib/rv32i/ilp32/libc.a(libc_a-impure.o)
 .comment       0x00000033       0x34 /home/cahyo/.local/xPacks/@xpack-dev-tools/riscv-none-elf-gcc/14.2.0-3.1/.content/bin/../lib/gcc/riscv-none-elf/14.2.0/../../../../riscv-none-elf/lib/rv32i/ilp32/libc.a(libc_a-findfp.o)
 .comment       0x00000033       0x34 /home/cahyo/.local/xPacks/@xpack-dev-tools/riscv-none-elf-gcc/14.2.0-3.1/.content/bin/../lib/gcc/riscv-none-elf/14.2.0/../../../../riscv-none-elf/lib/rv32i/ilp32/libc.a(libc_a-fwalk.o)
 .comment       0x00000033       0x34 /home/cahyo/.local/xPacks/@xpack-dev-tools/riscv-none-elf-gcc/14.2.0-3.1/.content/bin/../lib/gcc/riscv-none-elf/14.2.0/../../../../riscv-none-elf/lib/rv32i/ilp32/libc.a(libc_a-stdio.o)
 .comment       0x00000033       0x34 /home/cahyo/.local/xPacks/@xpack-dev-tools/riscv-none-elf-gcc/14.2.0-3.1/.content/bin/../lib/gcc/riscv-none-elf/14.2.0/../../../../riscv-none-elf/lib/rv32i/ilp32/libc.a(libc_a-closer.o)
 .comment       0x00000033       0x34 /home/cahyo/.local/xPacks/@xpack-dev-tools/riscv-none-elf-gcc/14.2.0-3.1/.content/bin/../lib/gcc/riscv-none-elf/14.2.0/../../../../riscv-none-elf/lib/rv32i/ilp32/libc.a(libc_a-reent.o)
 .comment       0x00000033       0x34 /home/cahyo/.local/xPacks/@xpack-dev-tools/riscv-none-elf-gcc/14.2.0-3.1/.content/bin/../lib/gcc/riscv-none-elf/14.2.0/../../../../riscv-none-elf/lib/rv32i/ilp32/libc.a(libc_a-lseekr.o)
 .comment       0x00000033       0x34 /home/cahyo/.local/xPacks/@xpack-dev-tools/riscv-none-elf-gcc/14.2.0-3.1/.content/bin/../lib/gcc/riscv-none-elf/14.2.0/../../../../riscv-none-elf/lib/rv32i/ilp32/libc.a(libc_a-readr.o)
 .comment       0x00000033       0x34 /home/cahyo/.local/xPacks/@xpack-dev-tools/riscv-none-elf-gcc/14.2.0-3.1/.content/bin/../lib/gcc/riscv-none-elf/14.2.0/../../../../riscv-none-elf/lib/rv32i/ilp32/libc.a(libc_a-writer.o)
 .comment       0x00000033       0x34 /home/cahyo/.local/xPacks/@xpack-dev-tools/riscv-none-elf-gcc/14.2.0-3.1/.content/bin/../lib/gcc/riscv-none-elf/14.2.0/../../../../riscv-none-elf/lib/rv32i/ilp32/libc.a(libc_a-lock.o)
 .comment       0x00000033       0x34 /home/cahyo/.local/xPacks/@xpack-dev-tools/riscv-none-elf-gcc/14.2.0-3.1/.content/bin/../lib/gcc/riscv-none-elf/14.2.0/../../../../riscv-none-elf/lib/rv32i/ilp32/libc.a(libc_a-freer.o)
 .comment       0x00000033       0x34 /home/cahyo/.local/xPacks/@xpack-dev-tools/riscv-none-elf-gcc/14.2.0-3.1/.content/bin/../lib/gcc/riscv-none-elf/14.2.0/../../../../riscv-none-elf/lib/rv32i/ilp32/libc.a(libc_a-mallocr.o)
 .comment       0x00000033       0x34 /home/cahyo/.local/xPacks/@xpack-dev-tools/riscv-none-elf-gcc/14.2.0-3.1/.content/bin/../lib/gcc/riscv-none-elf/14.2.0/../../../../riscv-none-elf/lib/rv32i/ilp32/libc.a(libc_a-mlock.o)
 .comment       0x00000033       0x34 /home/cahyo/.local/xPacks/@xpack-dev-tools/riscv-none-elf-gcc/14.2.0-3.1/.content/bin/../lib/gcc/riscv-none-elf/14.2.0/../../../../riscv-none-elf/lib/rv32i/ilp32/libc.a(libc_a-fclose.o)
 .comment       0x00000033       0x34 /home/cahyo/.local/xPacks/@xpack-dev-tools/riscv-none-elf-gcc/14.2.0-3.1/.content/bin/../lib/gcc/riscv-none-elf/14.2.0/../../../../riscv-none-elf/lib/rv32i/ilp32/libc.a(libc_a-fflush.o)
 .comment       0x00000033       0x34 /home/cahyo/.local/xPacks/@xpack-dev-tools/riscv-none-elf-gcc/14.2.0-3.1/.content/bin/../lib/gcc/riscv-none-elf/14.2.0/../../../../riscv-none-elf/lib/rv32i/ilp32/libc.a(libc_a-sbrkr.o)

.note.GNU-stack
                0x00000000        0x0
 .note.GNU-stack
                0x00000000        0x0 ram_init.o
 .note.GNU-stack
                0x00000000        0x0 syscalls.o
 .note.GNU-stack
                0x00000000        0x0 main.o
 .note.GNU-stack
                0x00000000        0x0 /home/cahyo/.local/xPacks/@xpack-dev-tools/riscv-none-elf-gcc/14.2.0-3.1/.content/bin/../lib/gcc/riscv-none-elf/14.2.0/../../../../riscv-none-elf/lib/rv32i/ilp32/libc.a(libc_a-errno.o)
 .note.GNU-stack
                0x00000000        0x0 /home/cahyo/.local/xPacks/@xpack-dev-tools/riscv-none-elf-gcc/14.2.0-3.1/.content/bin/../lib/gcc/riscv-none-elf/14.2.0/../../../../riscv-none-elf/lib/rv32i/ilp32/libc.a(libc_a-init.o)
 .note.GNU-stack
                0x00000000        0x0 /home/cahyo/.local/xPacks/@xpack-dev-tools/riscv-none-elf-gcc/14.2.0-3.1/.content/bin/../lib/gcc/riscv-none-elf/14.2.0/../../../../riscv-none-elf/lib/rv32i/ilp32/libc.a(libc_a-impure.o)
 .note.GNU-stack
                0x00000000        0x0 /home/cahyo/.local/xPacks/@xpack-dev-tools/riscv-none-elf-gcc/14.2.0-3.1/.content/bin/../lib/gcc/riscv-none-elf/14.2.0/../../../../riscv-none-elf/lib/rv32i/ilp32/libc.a(libc_a-findfp.o)
 .note.GNU-stack
                0x00000000        0x0 /home/cahyo/.local/xPacks/@xpack-dev-tools/riscv-none-elf-gcc/14.2.0-3.1/.content/bin/../lib/gcc/riscv-none-elf/14.2.0/../../../../riscv-none-elf/lib/rv32i/ilp32/libc.a(libc_a-fwalk.o)
 .note.GNU-stack
                0x00000000        0x0 /home/cahyo/.local/xPacks/@xpack-dev-tools/riscv-none-elf-gcc/14.2.0-3.1/.content/bin/../lib/gcc/riscv-none-elf/14.2.0/../../../../riscv-none-elf/lib/rv32i/ilp32/libc.a(libc_a-stdio.o)
 .note.GNU-stack
                0x00000000        0x0 /home/cahyo/.local/xPacks/@xpack-dev-tools/riscv-none-elf-gcc/14.2.0-3.1/.content/bin/../lib/gcc/riscv-none-elf/14.2.0/../../../../riscv-none-elf/lib/rv32i/ilp32/libc.a(libc_a-closer.o)
 .note.GNU-stack
                0x00000000        0x0 /home/cahyo/.local/xPacks/@xpack-dev-tools/riscv-none-elf-gcc/14.2.0-3.1/.content/bin/../lib/gcc/riscv-none-elf/14.2.0/../../../../riscv-none-elf/lib/rv32i/ilp32/libc.a(libc_a-reent.o)
 .note.GNU-stack
                0x00000000        0x0 /home/cahyo/.local/xPacks/@xpack-dev-tools/riscv-none-elf-gcc/14.2.0-3.1/.content/bin/../lib/gcc/riscv-none-elf/14.2.0/../../../../riscv-none-elf/lib/rv32i/ilp32/libc.a(libc_a-lseekr.o)
 .note.GNU-stack
                0x00000000        0x0 /home/cahyo/.local/xPacks/@xpack-dev-tools/riscv-none-elf-gcc/14.2.0-3.1/.content/bin/../lib/gcc/riscv-none-elf/14.2.0/../../../../riscv-none-elf/lib/rv32i/ilp32/libc.a(libc_a-readr.o)
 .note.GNU-stack
                0x00000000        0x0 /home/cahyo/.local/xPacks/@xpack-dev-tools/riscv-none-elf-gcc/14.2.0-3.1/.content/bin/../lib/gcc/riscv-none-elf/14.2.0/../../../../riscv-none-elf/lib/rv32i/ilp32/libc.a(libc_a-writer.o)
 .note.GNU-stack
                0x00000000        0x0 /home/cahyo/.local/xPacks/@xpack-dev-tools/riscv-none-elf-gcc/14.2.0-3.1/.content/bin/../lib/gcc/riscv-none-elf/14.2.0/../../../../riscv-none-elf/lib/rv32i/ilp32/libc.a(libc_a-lock.o)
 .note.GNU-stack
                0x00000000        0x0 /home/cahyo/.local/xPacks/@xpack-dev-tools/riscv-none-elf-gcc/14.2.0-3.1/.content/bin/../lib/gcc/riscv-none-elf/14.2.0/../../../../riscv-none-elf/lib/rv32i/ilp32/libc.a(libc_a-freer.o)
 .note.GNU-stack
                0x00000000        0x0 /home/cahyo/.local/xPacks/@xpack-dev-tools/riscv-none-elf-gcc/14.2.0-3.1/.content/bin/../lib/gcc/riscv-none-elf/14.2.0/../../../../riscv-none-elf/lib/rv32i/ilp32/libc.a(libc_a-mallocr.o)
 .note.GNU-stack
                0x00000000        0x0 /home/cahyo/.local/xPacks/@xpack-dev-tools/riscv-none-elf-gcc/14.2.0-3.1/.content/bin/../lib/gcc/riscv-none-elf/14.2.0/../../../../riscv-none-elf/lib/rv32i/ilp32/libc.a(libc_a-mlock.o)
 .note.GNU-stack
                0x00000000        0x0 /home/cahyo/.local/xPacks/@xpack-dev-tools/riscv-none-elf-gcc/14.2.0-3.1/.content/bin/../lib/gcc/riscv-none-elf/14.2.0/../../../../riscv-none-elf/lib/rv32i/ilp32/libc.a(libc_a-fclose.o)
 .note.GNU-stack
                0x00000000        0x0 /home/cahyo/.local/xPacks/@xpack-dev-tools/riscv-none-elf-gcc/14.2.0-3.1/.content/bin/../lib/gcc/riscv-none-elf/14.2.0/../../../../riscv-none-elf/lib/rv32i/ilp32/libc.a(libc_a-fflush.o)
 .note.GNU-stack
                0x00000000        0x0 /home/cahyo/.local/xPacks/@xpack-dev-tools/riscv-none-elf-gcc/14.2.0-3.1/.content/bin/../lib/gcc/riscv-none-elf/14.2.0/../../../../riscv-none-elf/lib/rv32i/ilp32/libc.a(libc_a-sbrkr.o)

.debug_line     0x00000000      0x6dd
 .debug_line    0x00000000      0x110 boot.o
 .debug_line    0x00000110       0xcc ram_init.o
 .debug_line    0x000001dc      0x337 syscalls.o
 .debug_line    0x00000513      0x1ca main.o

.debug_line_str
                0x00000000      0x18a
 .debug_line_str
                0x00000000      0x18a boot.o
                                 0x46 (size before relaxing)
 .debug_line_str
                0x0000018a      0x198 ram_init.o
 .debug_line_str
                0x0000018a      0x1cd syscalls.o
 .debug_line_str
                0x0000018a      0x18c main.o

.debug_info     0x00000000      0x9d8
 .debug_info    0x00000000       0x25 boot.o
 .debug_info    0x00000025      0x106 ram_init.o
 .debug_info    0x0000012b      0x72a syscalls.o
 .debug_info    0x00000855      0x183 main.o

.debug_abbrev   0x00000000      0x376
 .debug_abbrev  0x00000000       0x14 boot.o
 .debug_abbrev  0x00000014       0x83 ram_init.o
 .debug_abbrev  0x00000097      0x1f7 syscalls.o
 .debug_abbrev  0x0000028e       0xe8 main.o

.debug_aranges  0x00000000       0x80
 .debug_aranges
                0x00000000       0x20 boot.o
 .debug_aranges
                0x00000020       0x20 ram_init.o
 .debug_aranges
                0x00000040       0x20 syscalls.o
 .debug_aranges
                0x00000060       0x20 main.o

.debug_str      0x00000000      0x3b1
 .debug_str     0x00000000      0x3b1 boot.o
                                 0x54 (size before relaxing)
 .debug_str     0x000003b1      0x11d ram_init.o
 .debug_str     0x000003b1      0x386 syscalls.o
 .debug_str     0x000003b1      0x149 main.o

.debug_frame    0x00000000      0x400
 .debug_frame   0x00000000       0x38 ram_init.o
 .debug_frame   0x00000038      0x324 syscalls.o
 .debug_frame   0x0000035c       0xa4 main.o
